[    1637ms] [WARNING] Removing intrinsics.%MapPrototype%.getOrInsert @ chrome-extension://nkbihfbeogaeaoehlefnkodbefgpgknn/scripts/sentry-install.js:0
[    1640ms] [WARNING] Removing intrinsics.%MapPrototype%.getOrInsertComputed @ chrome-extension://nkbihfbeogaeaoehlefnkodbefgpgknn/scripts/sentry-install.js:0
[    1642ms] [WARNING] Removing intrinsics.%WeakMapPrototype%.getOrInsert @ chrome-extension://nkbihfbeogaeaoehlefnkodbefgpgknn/scripts/sentry-install.js:0
[    1643ms] [WARNING] Removing intrinsics.%WeakMapPrototype%.getOrInsertComputed @ chrome-extension://nkbihfbeogaeaoehlefnkodbefgpgknn/scripts/sentry-install.js:0
[    1646ms] [WARNING] Removing intrinsics.%DatePrototype%.toTemporalInstant @ chrome-extension://nkbihfbeogaeaoehlefnkodbefgpgknn/scripts/sentry-install.js:0
[    1648ms] [WARNING] Removing intrinsics.%FunctionPrototype%.apply.prototype @ chrome-extension://nkbihfbeogaeaoehlefnkodbefgpgknn/scripts/sentry-install.js:0
[    1651ms] [WARNING] Tolerating undeletable intrinsics.%FunctionPrototype%.apply.prototype === undefined @ chrome-extension://nkbihfbeogaeaoehlefnkodbefgpgknn/scripts/sentry-install.js:0
[    1653ms] [WARNING] Removing intrinsics.%FunctionPrototype%.bind.prototype @ chrome-extension://nkbihfbeogaeaoehlefnkodbefgpgknn/scripts/sentry-install.js:0
[    1655ms] [WARNING] Tolerating undeletable intrinsics.%FunctionPrototype%.bind.prototype === undefined @ chrome-extension://nkbihfbeogaeaoehlefnkodbefgpgknn/scripts/sentry-install.js:0
[    1724ms] [LOG] Snow detected a new realm creation attempt in MetaMask. Performing scuttling on new realm. Window @ chrome-extension://nkbihfbeogaeaoehlefnkodbefgpgknn/scripts/use-snow.js:22
[    1755ms] [LOG] Snow detected a new realm creation attempt in MetaMask. Performing scuttling on new realm. Window @ chrome-extension://nkbihfbeogaeaoehlefnkodbefgpgknn/scripts/use-snow.js:22
[    1788ms] [WARNING] Property eval will not be hardened because it is scuttled by LavaMoat protection. Visit https://github.com/LavaMoat/LavaMoat/pull/360 to learn more. @ chrome-extension://nkbihfbeogaeaoehlefnkodbefgpgknn/scripts/sentry-install.js:0
[   10476ms] [ERROR] Failed to fetch survey: 0x38d9a79d254f0b8f6529893fc99248e05b9055ffb73ba956b1dc4dbd45332acf (TypeError#1) @ chrome-extension://nkbihfbeogaeaoehlefnkodbefgpgknn/scripts/sentry-install.js:0
[   10479ms] [ERROR] TypeError#1: Failed to fetch @ chrome-extension://nkbihfbeogaeaoehlefnkodbefgpgknn/scripts/sentry-install.js:0
[   10481ms] [ERROR]   at e.<computed> (chrome-extension://nkbihfbeogaeaoehlefnkodbefgpgknn/scripts/sentry-install.js:1:760)
  at chrome-extension://nkbihfbeogaeaoehlefnkodbefgpgknn/scripts/sentry-install.js:25:430276
  at e.<computed> (chrome-extension://nkbihfbeogaeaoehlefnkodbefgpgknn/scripts/sentry-install.js:1:760)
  at chrome-extension://nkbihfbeogaeaoehlefnkodbefgpgknn/scripts/sentry-install.js:25:430276
  at Object.fetch (chrome-extension://nkbihfbeogaeaoehlefnkodbefgpgknn/scripts/runtime-lavamoat.js:14887:22)
  at chrome-extension://nkbihfbeogaeaoehlefnkodbefgpgknn/common-18.js:1:106647
  at r.default (chrome-extension://nkbihfbeogaeaoehlefnkodbefgpgknn/common-18.js:1:105495)
  at async chrome-extension://nkbihfbeogaeaoehlefnkodbefgpgknn/ui-10.js:1:280812
 @ chrome-extension://nkbihfbeogaeaoehlefnkodbefgpgknn/scripts/sentry-install.js:0
